// Jest Snapshot v1, https://goo.gl/fbAQLP

exports[`ForecastSummaries renders correctly to match ForcastSummaries snapshot 1`] = `[Function]`;
